[34m[INFO][0m === Calling container-hosted python ===
[34m[INFO][0m Using SIF: /home/lingzhi/cerebras/sdk/2.10.1/sdk-cbcore-2.10.1-sdk-202606181328-8faf87a26e.sif
	Command being timed: "timeout -k 5 240 cs_python implementation/sdk.py ."
	User time (seconds): 328.10
	System time (seconds): 94.38
	Percent of CPU this job got: 324%
	Elapsed (wall clock) time (h:mm:ss or m:ss): 2:10.35
	Average shared text size (kbytes): 0
	Average unshared data size (kbytes): 0
	Average stack size (kbytes): 0
	Average total size (kbytes): 0
	Maximum resident set size (kbytes): 199008
	Average resident set size (kbytes): 0
	Major (requiring I/O) page faults: 1248
	Minor (reclaiming a frame) page faults: 287794
	Voluntary context switches: 7332027
	Involuntary context switches: 14970
	Swaps: 0
	File system inputs: 254662
	File system outputs: 11188592
	Socket messages sent: 0
	Socket messages received: 0
	Signals delivered: 0
	Page size (bytes): 4096
	Exit status: 0
